// Jest Snapshot v1, https://goo.gl/fbAQLP

exports[`renders the component 1`] = `
<div
  className="appContainer"
>
  <Dashboard
    title="User Hobbies"
  />
</div>
`;
